// Vitest Snapshot v1, https://vitest.dev/guide/snapshot.html

exports[`get > snapshot: get() shape per stable component (fields + example story names) 1`] = `
{
  "AuthorBio": {
    "exampleStories": [],
    "fields": [
      "composesWith",
      "dense",
      "description",
      "examples",
      "forbiddenUse",
      "group",
      "import",
      "keywords",
      "name",
      "prefersOver",
      "props",
      "status",
      "tokens",
      "usage",
    ],
    "group": "structure",
    "import": "import AuthorBio from "@dt/AuthorBio";",
  },
  "Avatar": {
    "exampleStories": [
      "WithImage",
      "WithInitials",
      "WithMenu",
    ],
    "fields": [
      "composesWith",
      "dense",
      "description",
      "examples",
      "forbiddenUse",
      "group",
      "import",
      "keywords",
      "name",
      "prefersOver",
      "props",
      "status",
      "tokens",
      "usage",
    ],
    "group": "display",
    "import": "import Avatar from "@dt/Avatar";",
  },
  "Badge": {
    "exampleStories": [
      "Tones",
      "SecondaryVariants",
      "Removable",
      "WithIcon",
      "LifecycleDots",
      "Sizes",
      "AsCount",
      "InButtonEndSlot",
    ],
    "fields": [
      "composesWith",
      "dense",
      "description",
      "examples",
      "forbiddenUse",
      "group",
      "import",
      "keywords",
      "name",
      "prefersOver",
      "props",
      "status",
      "tokens",
      "usage",
    ],
    "group": "display",
    "import": "import Badge from "@dt/Badge";",
  },
  "Button": {
    "exampleStories": [
      "Tones",
      "DestructiveActions",
      "Sizes",
      "IconLeft",
      "IconRight",
      "IconOnly",
      "States",
      "AsyncAction",
      "LongLabel",
      "Surfaces",
      "AsLink",
    ],
    "fields": [
      "composesWith",
      "dense",
      "description",
      "examples",
      "forbiddenUse",
      "group",
      "import",
      "keywords",
      "name",
      "prefersOver",
      "props",
      "status",
      "tokens",
      "usage",
    ],
    "group": "interaction",
    "import": "import Button from "@dt/Button";",
  },
  "Card": {
    "exampleStories": [
      "Variants",
      "PaddingScale",
      "Structured",
      "AsLink",
      "Loading",
      "CardGrid",
      "ActionCard",
    ],
    "fields": [
      "composesWith",
      "dense",
      "description",
      "examples",
      "forbiddenUse",
      "group",
      "import",
      "keywords",
      "name",
      "prefersOver",
      "props",
      "status",
      "tokens",
      "usage",
    ],
    "group": "structure",
    "import": "import Card from "@dt/Card";",
  },
  "CategoryFilter": {
    "exampleStories": [],
    "fields": [
      "composesWith",
      "dense",
      "description",
      "examples",
      "forbiddenUse",
      "group",
      "import",
      "keywords",
      "name",
      "prefersOver",
      "props",
      "status",
      "tokens",
      "usage",
    ],
    "group": "navigation",
    "import": "import { CategoryFilter } from "@dt/CategoryFilter";",
  },
  "Checkbox": {
    "exampleStories": [
      "AllStates",
      "AllSizes",
      "Validation",
      "SelectAllParent",
    ],
    "fields": [
      "composesWith",
      "dense",
      "description",
      "examples",
      "forbiddenUse",
      "group",
      "import",
      "keywords",
      "name",
      "prefersOver",
      "props",
      "status",
      "tokens",
      "usage",
    ],
    "group": "form",
    "import": "import Checkbox from "@dt/Checkbox";",
  },
  "CheckboxGroup": {
    "exampleStories": [
      "WithMasterCheckbox",
      "WithoutMasterCheckbox",
      "WithIndeterminateState",
    ],
    "fields": [
      "composesWith",
      "dense",
      "description",
      "examples",
      "forbiddenUse",
      "group",
      "import",
      "keywords",
      "name",
      "prefersOver",
      "props",
      "status",
      "tokens",
      "usage",
    ],
    "group": "form",
    "import": "import CheckboxGroup from "@dt/CheckboxGroup";",
  },
  "CodeBlockWindow": {
    "exampleStories": [
      "NoTitle",
      "JsonExample",
      "LongLine",
    ],
    "fields": [
      "composesWith",
      "dense",
      "description",
      "examples",
      "forbiddenUse",
      "group",
      "import",
      "keywords",
      "name",
      "prefersOver",
      "props",
      "status",
      "tokens",
      "usage",
    ],
    "group": "structure",
    "import": "import CodeBlockWindow from "@dt/CodeBlockWindow";",
  },
  "Combobox": {
    "exampleStories": [
      "Example",
      "WithError",
      "Disabled",
      "AsyncOptions",
      "KeyboardSelection",
    ],
    "fields": [
      "composesWith",
      "dense",
      "description",
      "examples",
      "forbiddenUse",
      "group",
      "import",
      "keywords",
      "name",
      "prefersOver",
      "props",
      "status",
      "tokens",
      "usage",
    ],
    "group": "form",
    "import": "import Combobox from "@dt/Combobox";",
  },
  "Container": {
    "exampleStories": [
      "SizeLadder",
      "AsLandmark",
      "WithSection",
    ],
    "fields": [
      "composesWith",
      "dense",
      "description",
      "examples",
      "forbiddenUse",
      "group",
      "import",
      "keywords",
      "name",
      "prefersOver",
      "props",
      "status",
      "tokens",
      "usage",
    ],
    "group": "layout",
    "import": "import { Container } from "@dt/Container";",
  },
  "Divider": {
    "exampleStories": [
      "DecorativeRhythm",
      "MeaningfulSeparator",
      "VerticalInRow",
    ],
    "fields": [
      "composesWith",
      "dense",
      "description",
      "examples",
      "forbiddenUse",
      "group",
      "import",
      "keywords",
      "name",
      "prefersOver",
      "props",
      "status",
      "tokens",
      "usage",
    ],
    "group": "structure",
    "import": "import { Divider } from "@dt/Divider";",
  },
  "EnhancedProjectCard": {
    "exampleStories": [],
    "fields": [
      "composesWith",
      "dense",
      "description",
      "examples",
      "forbiddenUse",
      "group",
      "import",
      "keywords",
      "name",
      "prefersOver",
      "props",
      "status",
      "tokens",
      "usage",
    ],
    "group": "marketing",
    "import": "import { EnhancedProjectCard } from "@dt/EnhancedProjectCard";",
  },
  "ExpandableSection": {
    "exampleStories": [
      "ShowMoreTail",
      "ControlledDisclosure",
      "VersusAccordion",
    ],
    "fields": [
      "composesWith",
      "dense",
      "description",
      "examples",
      "forbiddenUse",
      "group",
      "import",
      "keywords",
      "name",
      "prefersOver",
      "props",
      "status",
      "tokens",
      "usage",
    ],
    "group": "structure",
    "import": "import { ExpandableSection } from "@dt/ExpandableSection";",
  },
  "FileUpload": {
    "exampleStories": [
      "Default",
      "SelectAndClear",
      "SizeRejection",
      "Editorial",
    ],
    "fields": [
      "composesWith",
      "dense",
      "description",
      "examples",
      "forbiddenUse",
      "group",
      "import",
      "keywords",
      "name",
      "prefersOver",
      "props",
      "status",
      "tokens",
      "usage",
    ],
    "group": "form",
    "import": "import FileUpload from "@dt/FileUpload";",
  },
  "FlexBox": {
    "exampleStories": [
      "InlineCluster",
      "SpaceBetween",
      "ColumnWithTokenGap",
    ],
    "fields": [
      "composesWith",
      "dense",
      "description",
      "examples",
      "forbiddenUse",
      "group",
      "import",
      "keywords",
      "name",
      "prefersOver",
      "props",
      "status",
      "tokens",
      "usage",
    ],
    "group": "layout",
    "import": "import FlexBox from "@dt/FlexBox";",
  },
  "Grid": {
    "exampleStories": [
      "EqualTracks",
      "SpannedFeature",
      "CustomTemplate",
    ],
    "fields": [
      "composesWith",
      "dense",
      "description",
      "examples",
      "forbiddenUse",
      "group",
      "import",
      "keywords",
      "name",
      "prefersOver",
      "props",
      "status",
      "tokens",
      "usage",
    ],
    "group": "layout",
    "import": "import Grid from "@dt/Grid";",
  },
  "HelperText": {
    "exampleStories": [
      "AllStates",
      "WithAriaDescribedby",
      "ErrorTakesOver",
    ],
    "fields": [
      "composesWith",
      "dense",
      "description",
      "examples",
      "forbiddenUse",
      "group",
      "import",
      "keywords",
      "name",
      "prefersOver",
      "props",
      "status",
      "tokens",
      "usage",
    ],
    "group": "form",
    "import": "import HelperText from "@dt/HelperText";",
  },
  "Icon": {
    "exampleStories": [
      "BrandIcon",
      "Sizes",
      "Animated",
      "Transformations",
      "DecorativeVsInformative",
    ],
    "fields": [
      "composesWith",
      "dense",
      "description",
      "examples",
      "forbiddenUse",
      "group",
      "import",
      "keywords",
      "name",
      "prefersOver",
      "props",
      "status",
      "tokens",
      "usage",
    ],
    "group": "display",
    "import": "import Icon from "@dt/Icon";",
  },
  "IconButton": {
    "exampleStories": [
      "Variants",
      "Sizes",
      "DestructiveTone",
      "WithTooltip",
      "InToolbar",
    ],
    "fields": [
      "composesWith",
      "dense",
      "description",
      "examples",
      "forbiddenUse",
      "group",
      "import",
      "keywords",
      "name",
      "prefersOver",
      "props",
      "status",
      "tokens",
      "usage",
    ],
    "group": "actions",
    "import": "import { IconButton } from "@dt/IconButton";",
  },
  "Label": {
    "exampleStories": [
      "WithTooltip",
      "Required",
      "Disabled",
    ],
    "fields": [
      "composesWith",
      "dense",
      "description",
      "examples",
      "forbiddenUse",
      "group",
      "import",
      "keywords",
      "name",
      "prefersOver",
      "props",
      "status",
      "tokens",
      "usage",
    ],
    "group": "form",
    "import": "import Label from "@dt/Label";",
  },
  "LanguageSwitcher": {
    "exampleStories": [
      "FanOpen",
      "AccessibleNames",
      "ControlledWiring",
    ],
    "fields": [
      "composesWith",
      "dense",
      "description",
      "examples",
      "forbiddenUse",
      "group",
      "import",
      "keywords",
      "name",
      "prefersOver",
      "props",
      "status",
      "tokens",
      "usage",
    ],
    "group": "navigation",
    "import": "import LanguageSwitcher from "@dt/LanguageSwitcher";",
  },
  "Link": {
    "exampleStories": [
      "Sizes",
      "UnderlineModes",
      "External",
    ],
    "fields": [
      "composesWith",
      "dense",
      "description",
      "examples",
      "forbiddenUse",
      "group",
      "import",
      "keywords",
      "name",
      "prefersOver",
      "props",
      "status",
      "tokens",
      "usage",
    ],
    "group": "navigation",
    "import": "import Link from "@dt/Link";",
  },
  "List": {
    "exampleStories": [
      "UnorderedList",
      "OrderedList",
      "DifferentSpacing",
      "DifferentListStyles",
    ],
    "fields": [
      "composesWith",
      "dense",
      "description",
      "examples",
      "forbiddenUse",
      "group",
      "import",
      "keywords",
      "name",
      "prefersOver",
      "props",
      "status",
      "tokens",
      "usage",
    ],
    "group": "structure",
    "import": "import List from "@dt/List";",
  },
  "Menu": {
    "exampleStories": [
      "WithIcons",
      "WithSubmenu",
      "Disabled",
      "AsLinks",
      "Example",
    ],
    "fields": [
      "composesWith",
      "dense",
      "description",
      "examples",
      "forbiddenUse",
      "group",
      "import",
      "keywords",
      "name",
      "prefersOver",
      "props",
      "status",
      "tokens",
      "usage",
    ],
    "group": "overlay",
    "import": "import { Menu } from "@dt/Menu";",
  },
  "Modal": {
    "exampleStories": [
      "Confirmation",
      "FormInModal",
      "Scrollable",
      "AnimatedEntrance",
    ],
    "fields": [
      "composesWith",
      "dense",
      "description",
      "examples",
      "forbiddenUse",
      "group",
      "import",
      "keywords",
      "name",
      "prefersOver",
      "props",
      "status",
      "tokens",
      "usage",
    ],
    "group": "overlay",
    "import": "import Modal from "@dt/Modal";",
  },
  "NavLink": {
    "exampleStories": [
      "PrimaryNav",
      "ExactMatching",
      "CustomStyling",
    ],
    "fields": [
      "composesWith",
      "dense",
      "description",
      "examples",
      "forbiddenUse",
      "group",
      "import",
      "keywords",
      "name",
      "prefersOver",
      "props",
      "status",
      "tokens",
      "usage",
    ],
    "group": "navigation",
    "import": "import { NavLink } from "@dt/NavLink";",
  },
  "Pagination": {
    "exampleStories": [
      "ManyPages",
      "SiblingCount",
      "Interactive",
    ],
    "fields": [
      "composesWith",
      "dense",
      "description",
      "examples",
      "forbiddenUse",
      "group",
      "import",
      "keywords",
      "name",
      "prefersOver",
      "props",
      "status",
      "tokens",
      "usage",
    ],
    "group": "navigation",
    "import": "import { Pagination } from "@dt/Pagination";",
  },
  "ProjectCard": {
    "exampleStories": [],
    "fields": [
      "composesWith",
      "dense",
      "description",
      "examples",
      "forbiddenUse",
      "group",
      "import",
      "keywords",
      "name",
      "prefersOver",
      "props",
      "status",
      "tokens",
      "usage",
    ],
    "group": "content",
    "import": "import { ProjectCard } from "@dt/ProjectCard";",
  },
  "ProjectGallery": {
    "exampleStories": [],
    "fields": [
      "composesWith",
      "dense",
      "description",
      "examples",
      "forbiddenUse",
      "group",
      "import",
      "keywords",
      "name",
      "prefersOver",
      "props",
      "status",
      "tokens",
      "usage",
    ],
    "group": "media",
    "import": "import { ProjectGallery } from "@dt/ProjectGallery";",
  },
  "ProjectNav": {
    "exampleStories": [],
    "fields": [
      "composesWith",
      "dense",
      "description",
      "examples",
      "forbiddenUse",
      "group",
      "import",
      "keywords",
      "name",
      "prefersOver",
      "props",
      "status",
      "tokens",
      "usage",
    ],
    "group": "navigation",
    "import": "import { ProjectNav } from "@dt/ProjectNav";",
  },
  "ReadingProgress": {
    "exampleStories": [],
    "fields": [
      "composesWith",
      "dense",
      "description",
      "examples",
      "forbiddenUse",
      "group",
      "import",
      "keywords",
      "name",
      "prefersOver",
      "props",
      "status",
      "tokens",
      "usage",
    ],
    "group": "feedback",
    "import": "import { ReadingProgress } from "@dt/ReadingProgress";",
  },
  "Section": {
    "exampleStories": [
      "SpacingBands",
      "HeroFollowPair",
      "Backgrounds",
    ],
    "fields": [
      "composesWith",
      "dense",
      "description",
      "examples",
      "forbiddenUse",
      "group",
      "import",
      "keywords",
      "name",
      "prefersOver",
      "props",
      "status",
      "tokens",
      "usage",
    ],
    "group": "layout",
    "import": "import { Section } from "@dt/Section";",
  },
  "ServiceCard": {
    "exampleStories": [],
    "fields": [
      "composesWith",
      "dense",
      "description",
      "examples",
      "forbiddenUse",
      "group",
      "import",
      "keywords",
      "name",
      "prefersOver",
      "props",
      "status",
      "tokens",
      "usage",
    ],
    "group": "marketing",
    "import": "import { ServiceCard } from "@dt/ServiceCard";",
  },
  "SiteFooter": {
    "exampleStories": [],
    "fields": [
      "composesWith",
      "dense",
      "description",
      "examples",
      "forbiddenUse",
      "group",
      "import",
      "keywords",
      "name",
      "prefersOver",
      "props",
      "status",
      "tokens",
      "usage",
    ],
    "group": "navigation",
    "import": "import { SiteFooter } from "@dt/SiteFooter";",
  },
  "SiteHeader": {
    "exampleStories": [],
    "fields": [
      "composesWith",
      "dense",
      "description",
      "examples",
      "forbiddenUse",
      "group",
      "import",
      "keywords",
      "name",
      "prefersOver",
      "props",
      "status",
      "tokens",
      "usage",
    ],
    "group": "navigation",
    "import": "import { SiteHeader } from "@dt/SiteHeader";",
  },
  "Skeleton": {
    "exampleStories": [
      "TextLines",
      "Card",
      "Avatar",
      "Shapes",
      "ComposedPage",
      "Static",
    ],
    "fields": [
      "composesWith",
      "dense",
      "description",
      "examples",
      "forbiddenUse",
      "group",
      "import",
      "keywords",
      "name",
      "prefersOver",
      "props",
      "status",
      "tokens",
      "usage",
    ],
    "group": "feedback",
    "import": "import Skeleton from "@dt/Skeleton";",
  },
  "SkipLink": {
    "exampleStories": [
      "FocusReveal",
      "InLayout",
      "CustomTarget",
    ],
    "fields": [
      "composesWith",
      "dense",
      "description",
      "examples",
      "forbiddenUse",
      "group",
      "import",
      "keywords",
      "name",
      "prefersOver",
      "props",
      "status",
      "tokens",
      "usage",
    ],
    "group": "navigation",
    "import": "import { SkipLink } from "@dt/SkipLink";",
  },
  "SocialShare": {
    "exampleStories": [],
    "fields": [
      "composesWith",
      "dense",
      "description",
      "examples",
      "forbiddenUse",
      "group",
      "import",
      "keywords",
      "name",
      "prefersOver",
      "props",
      "status",
      "tokens",
      "usage",
    ],
    "group": "structure",
    "import": "import { SocialShare } from "@dt/SocialShare";",
  },
  "Spinner": {
    "exampleStories": [
      "Sizes",
      "Example",
      "WithVisibleLabel",
    ],
    "fields": [
      "composesWith",
      "dense",
      "description",
      "examples",
      "forbiddenUse",
      "group",
      "import",
      "keywords",
      "name",
      "prefersOver",
      "props",
      "status",
      "tokens",
      "usage",
    ],
    "group": "feedback",
    "import": "import Spinner from "@dt/Spinner";",
  },
  "Stack": {
    "exampleStories": [
      "GapScale",
      "HorizontalCluster",
      "SemanticList",
    ],
    "fields": [
      "composesWith",
      "dense",
      "description",
      "examples",
      "forbiddenUse",
      "group",
      "import",
      "keywords",
      "name",
      "prefersOver",
      "props",
      "status",
      "tokens",
      "usage",
    ],
    "group": "layout",
    "import": "import { Stack } from "@dt/Stack";",
  },
  "Text": {
    "exampleStories": [
      "AllTags",
      "Sizes",
      "LineHeights",
    ],
    "fields": [
      "composesWith",
      "dense",
      "description",
      "examples",
      "forbiddenUse",
      "group",
      "import",
      "keywords",
      "name",
      "prefersOver",
      "props",
      "status",
      "tokens",
      "usage",
    ],
    "group": "display",
    "import": "import Text from "@dt/Text";",
  },
  "TextArea": {
    "exampleStories": [
      "WithHelperCopy",
      "WithError",
      "AnimatedResize",
      "KeyboardEntry",
    ],
    "fields": [
      "composesWith",
      "dense",
      "description",
      "examples",
      "forbiddenUse",
      "group",
      "import",
      "keywords",
      "name",
      "prefersOver",
      "props",
      "status",
      "tokens",
      "usage",
    ],
    "group": "form",
    "import": "import TextArea from "@dt/TextArea";",
  },
  "TextInput": {
    "exampleStories": [
      "TextInputStory",
      "EmailInput",
      "InputWithError",
    ],
    "fields": [
      "composesWith",
      "dense",
      "description",
      "examples",
      "forbiddenUse",
      "group",
      "import",
      "keywords",
      "name",
      "prefersOver",
      "props",
      "status",
      "tokens",
      "usage",
    ],
    "group": "form",
    "import": "import TextInput from "@dt/TextInput";",
  },
  "Title": {
    "exampleStories": [
      "AllSizes",
      "AllLevels",
      "LineHeights",
    ],
    "fields": [
      "composesWith",
      "dense",
      "description",
      "examples",
      "forbiddenUse",
      "group",
      "import",
      "keywords",
      "name",
      "prefersOver",
      "props",
      "status",
      "tokens",
      "usage",
    ],
    "group": "display",
    "import": "import Title from "@dt/Title";",
  },
  "Toast": {
    "exampleStories": [
      "Tones",
      "Placement",
      "ProviderDriven",
      "Example",
    ],
    "fields": [
      "composesWith",
      "dense",
      "description",
      "examples",
      "forbiddenUse",
      "group",
      "import",
      "keywords",
      "name",
      "prefersOver",
      "props",
      "status",
      "tokens",
      "usage",
    ],
    "group": "feedback",
    "import": "import Toast from "@dt/Toast";",
  },
  "ValueCard": {
    "exampleStories": [],
    "fields": [
      "composesWith",
      "dense",
      "description",
      "examples",
      "forbiddenUse",
      "group",
      "import",
      "keywords",
      "name",
      "prefersOver",
      "props",
      "status",
      "tokens",
      "usage",
    ],
    "group": "display",
    "import": "import { ValueCard } from "@dt/ValueCard";",
  },
  "WorkGrid": {
    "exampleStories": [],
    "fields": [
      "composesWith",
      "dense",
      "description",
      "examples",
      "forbiddenUse",
      "group",
      "import",
      "keywords",
      "name",
      "prefersOver",
      "props",
      "status",
      "tokens",
      "usage",
    ],
    "group": "content",
    "import": "import { WorkGrid } from "@dt/WorkGrid";",
  },
}
`;
