// Vitest Snapshot v1, https://vitest.dev/guide/snapshot.html

exports[`get > snapshot: get() shape per stable component (fields + example story names) 1`] = `
{
  "AboutPageContent": {
    "exampleStories": [],
    "fields": [
      "composesWith",
      "dense",
      "description",
      "examples",
      "forbiddenUse",
      "group",
      "import",
      "keywords",
      "name",
      "prefersOver",
      "props",
      "status",
      "tokens",
      "usage",
    ],
    "group": "marketing",
    "import": "import { AboutPageContent } from "@dt/AboutPageContent";",
  },
  "AlertBanner": {
    "exampleStories": [
      "Info",
      "Warning",
      "Dismissible",
      "WithAction",
      "TextOnly",
      "Example",
    ],
    "fields": [
      "composesWith",
      "dense",
      "description",
      "examples",
      "forbiddenUse",
      "group",
      "import",
      "keywords",
      "name",
      "prefersOver",
      "props",
      "status",
      "tokens",
      "usage",
    ],
    "group": "feedback",
    "import": "import AlertBanner from "@dt/AlertBanner";",
  },
  "ArticleContent": {
    "exampleStories": [],
    "fields": [
      "composesWith",
      "dense",
      "description",
      "examples",
      "forbiddenUse",
      "group",
      "import",
      "keywords",
      "name",
      "prefersOver",
      "props",
      "status",
      "tokens",
      "usage",
    ],
    "group": "content",
    "import": "import { ArticleContent } from "@dt/ArticleContent";",
  },
  "ArticleShareSection": {
    "exampleStories": [],
    "fields": [
      "composesWith",
      "dense",
      "description",
      "examples",
      "forbiddenUse",
      "group",
      "import",
      "keywords",
      "name",
      "prefersOver",
      "props",
      "status",
      "tokens",
      "usage",
    ],
    "group": "content",
    "import": "import { ArticleShareSection } from "@dt/ArticleShareSection";",
  },
  "AuthorBio": {
    "exampleStories": [],
    "fields": [
      "composesWith",
      "dense",
      "description",
      "examples",
      "forbiddenUse",
      "group",
      "import",
      "keywords",
      "name",
      "prefersOver",
      "props",
      "status",
      "tokens",
      "usage",
    ],
    "group": "structure",
    "import": "import AuthorBio from "@dt/AuthorBio";",
  },
  "Avatar": {
    "exampleStories": [
      "WithImage",
      "WithInitials",
      "WithMenu",
    ],
    "fields": [
      "composesWith",
      "dense",
      "description",
      "examples",
      "forbiddenUse",
      "group",
      "import",
      "keywords",
      "name",
      "prefersOver",
      "props",
      "status",
      "tokens",
      "usage",
    ],
    "group": "display",
    "import": "import Avatar from "@dt/Avatar";",
  },
  "Badge": {
    "exampleStories": [
      "Tones",
      "SecondaryVariants",
      "Removable",
      "WithIcon",
      "LifecycleDots",
      "Sizes",
      "AsCount",
      "InButtonEndSlot",
    ],
    "fields": [
      "composesWith",
      "dense",
      "description",
      "examples",
      "forbiddenUse",
      "group",
      "import",
      "keywords",
      "name",
      "prefersOver",
      "props",
      "status",
      "tokens",
      "usage",
    ],
    "group": "display",
    "import": "import Badge from "@dt/Badge";",
  },
  "BlogCategoryFilter": {
    "exampleStories": [],
    "fields": [
      "composesWith",
      "dense",
      "description",
      "examples",
      "forbiddenUse",
      "group",
      "import",
      "keywords",
      "name",
      "prefersOver",
      "props",
      "status",
      "tokens",
      "usage",
    ],
    "group": "navigation",
    "import": "import { BlogCategoryFilter } from "@dt/BlogCategoryFilter";",
  },
  "BlogGrid": {
    "exampleStories": [],
    "fields": [
      "composesWith",
      "dense",
      "description",
      "examples",
      "forbiddenUse",
      "group",
      "import",
      "keywords",
      "name",
      "prefersOver",
      "props",
      "status",
      "tokens",
      "usage",
    ],
    "group": "content",
    "import": "import { BlogGrid } from "@dt/BlogGrid";",
  },
  "BlogMediaImage": {
    "exampleStories": [],
    "fields": [
      "composesWith",
      "dense",
      "description",
      "examples",
      "forbiddenUse",
      "group",
      "import",
      "keywords",
      "name",
      "prefersOver",
      "props",
      "status",
      "tokens",
      "usage",
    ],
    "group": "media",
    "import": "import { BlogMediaImage } from "@dt/BlogMediaImage";",
  },
  "Breadcrumb": {
    "exampleStories": [
      "UnderlineModes",
      "HomeIcon",
      "Collapsed",
      "Responsive",
      "DeepTrail",
      "LinklessMiddle",
      "CustomLabel",
    ],
    "fields": [
      "composesWith",
      "dense",
      "description",
      "examples",
      "forbiddenUse",
      "group",
      "import",
      "keywords",
      "name",
      "prefersOver",
      "props",
      "status",
      "tokens",
      "usage",
    ],
    "group": "navigation",
    "import": "import Breadcrumb from "@dt/Breadcrumb";",
  },
  "Button": {
    "exampleStories": [
      "Tones",
      "DestructiveActions",
      "Sizes",
      "IconLeft",
      "IconRight",
      "IconOnly",
      "States",
      "AsyncAction",
      "LongLabel",
      "Surfaces",
      "AsLink",
    ],
    "fields": [
      "composesWith",
      "dense",
      "description",
      "examples",
      "forbiddenUse",
      "group",
      "import",
      "keywords",
      "name",
      "prefersOver",
      "props",
      "status",
      "tokens",
      "usage",
    ],
    "group": "interaction",
    "import": "import Button from "@dt/Button";",
  },
  "CTASection": {
    "exampleStories": [],
    "fields": [
      "composesWith",
      "dense",
      "description",
      "examples",
      "forbiddenUse",
      "group",
      "import",
      "keywords",
      "name",
      "prefersOver",
      "props",
      "status",
      "tokens",
      "usage",
    ],
    "group": "marketing",
    "import": "import { CTASection } from "@dt/CTASection";",
  },
  "Card": {
    "exampleStories": [
      "Variants",
      "PaddingScale",
      "Structured",
      "AsLink",
      "Loading",
      "CardGrid",
      "ActionCard",
    ],
    "fields": [
      "composesWith",
      "dense",
      "description",
      "examples",
      "forbiddenUse",
      "group",
      "import",
      "keywords",
      "name",
      "prefersOver",
      "props",
      "status",
      "tokens",
      "usage",
    ],
    "group": "structure",
    "import": "import Card from "@dt/Card";",
  },
  "CategoryFilter": {
    "exampleStories": [],
    "fields": [
      "composesWith",
      "dense",
      "description",
      "examples",
      "forbiddenUse",
      "group",
      "import",
      "keywords",
      "name",
      "prefersOver",
      "props",
      "status",
      "tokens",
      "usage",
    ],
    "group": "navigation",
    "import": "import { CategoryFilter } from "@dt/CategoryFilter";",
  },
  "Checkbox": {
    "exampleStories": [
      "AllStates",
      "AllSizes",
      "Validation",
      "SelectAllParent",
    ],
    "fields": [
      "composesWith",
      "dense",
      "description",
      "examples",
      "forbiddenUse",
      "group",
      "import",
      "keywords",
      "name",
      "prefersOver",
      "props",
      "status",
      "tokens",
      "usage",
    ],
    "group": "form",
    "import": "import Checkbox from "@dt/Checkbox";",
  },
  "CheckboxGroup": {
    "exampleStories": [
      "WithMasterCheckbox",
      "WithoutMasterCheckbox",
      "WithIndeterminateState",
    ],
    "fields": [
      "composesWith",
      "dense",
      "description",
      "examples",
      "forbiddenUse",
      "group",
      "import",
      "keywords",
      "name",
      "prefersOver",
      "props",
      "status",
      "tokens",
      "usage",
    ],
    "group": "form",
    "import": "import CheckboxGroup from "@dt/CheckboxGroup";",
  },
  "CodeBlockWindow": {
    "exampleStories": [
      "NoTitle",
      "JsonExample",
      "LongLine",
    ],
    "fields": [
      "composesWith",
      "dense",
      "description",
      "examples",
      "forbiddenUse",
      "group",
      "import",
      "keywords",
      "name",
      "prefersOver",
      "props",
      "status",
      "tokens",
      "usage",
    ],
    "group": "structure",
    "import": "import CodeBlockWindow from "@dt/CodeBlockWindow";",
  },
  "CodeSnippet": {
    "exampleStories": [
      "Inline",
      "Typescript",
      "Python",
      "WithMaxLines",
    ],
    "fields": [
      "composesWith",
      "dense",
      "description",
      "examples",
      "forbiddenUse",
      "group",
      "import",
      "keywords",
      "name",
      "prefersOver",
      "props",
      "status",
      "tokens",
      "usage",
    ],
    "group": "structure",
    "import": "import CodeSnippet from "@dt/CodeSnippet";",
  },
  "Combobox": {
    "exampleStories": [
      "Example",
      "WithError",
      "Disabled",
      "AsyncOptions",
      "KeyboardSelection",
    ],
    "fields": [
      "composesWith",
      "dense",
      "description",
      "examples",
      "forbiddenUse",
      "group",
      "import",
      "keywords",
      "name",
      "prefersOver",
      "props",
      "status",
      "tokens",
      "usage",
    ],
    "group": "form",
    "import": "import Combobox from "@dt/Combobox";",
  },
  "ContactFormEditorial": {
    "exampleStories": [],
    "fields": [
      "composesWith",
      "dense",
      "description",
      "examples",
      "forbiddenUse",
      "group",
      "import",
      "keywords",
      "name",
      "prefersOver",
      "props",
      "status",
      "tokens",
      "usage",
    ],
    "group": "form",
    "import": "import { ContactFormEditorial } from "@dt/ContactFormEditorial";",
  },
  "ContactHero": {
    "exampleStories": [],
    "fields": [
      "composesWith",
      "dense",
      "description",
      "examples",
      "forbiddenUse",
      "group",
      "import",
      "keywords",
      "name",
      "prefersOver",
      "props",
      "status",
      "tokens",
      "usage",
    ],
    "group": "marketing",
    "import": "import { ContactHero } from "@dt/ContactHero";",
  },
  "ContactInquiryPanel": {
    "exampleStories": [],
    "fields": [
      "composesWith",
      "dense",
      "description",
      "examples",
      "forbiddenUse",
      "group",
      "import",
      "keywords",
      "name",
      "prefersOver",
      "props",
      "status",
      "tokens",
      "usage",
    ],
    "group": "forms",
    "import": "import ContactInquiryPanel from "@dt/ContactInquiryPanel";",
  },
  "ContactPageContentEditorial": {
    "exampleStories": [],
    "fields": [
      "composesWith",
      "dense",
      "description",
      "examples",
      "forbiddenUse",
      "group",
      "import",
      "keywords",
      "name",
      "prefersOver",
      "props",
      "status",
      "tokens",
      "usage",
    ],
    "group": "marketing",
    "import": "import { ContactPageContentEditorial } from "@dt/ContactPageContentEditorial";",
  },
  "Container": {
    "exampleStories": [
      "SizeLadder",
      "AsLandmark",
      "WithSection",
    ],
    "fields": [
      "composesWith",
      "dense",
      "description",
      "examples",
      "forbiddenUse",
      "group",
      "import",
      "keywords",
      "name",
      "prefersOver",
      "props",
      "status",
      "tokens",
      "usage",
    ],
    "group": "layout",
    "import": "import { Container } from "@dt/Container";",
  },
  "DesignSprintsSection": {
    "exampleStories": [],
    "fields": [
      "composesWith",
      "dense",
      "description",
      "examples",
      "forbiddenUse",
      "group",
      "import",
      "keywords",
      "name",
      "prefersOver",
      "props",
      "status",
      "tokens",
      "usage",
    ],
    "group": "marketing",
    "import": "import { DesignSprintsSection } from "@dt/DesignSprintsSection";",
  },
  "Divider": {
    "exampleStories": [
      "DecorativeRhythm",
      "MeaningfulSeparator",
      "VerticalInRow",
    ],
    "fields": [
      "composesWith",
      "dense",
      "description",
      "examples",
      "forbiddenUse",
      "group",
      "import",
      "keywords",
      "name",
      "prefersOver",
      "props",
      "status",
      "tokens",
      "usage",
    ],
    "group": "structure",
    "import": "import { Divider } from "@dt/Divider";",
  },
  "EmptyState": {
    "exampleStories": [
      "Default",
      "WithAction",
      "Sizes",
      "ClearedFilters",
    ],
    "fields": [
      "composesWith",
      "dense",
      "description",
      "examples",
      "forbiddenUse",
      "group",
      "import",
      "keywords",
      "name",
      "prefersOver",
      "props",
      "status",
      "tokens",
      "usage",
    ],
    "group": "display",
    "import": "import EmptyState from "@dt/EmptyState";",
  },
  "EnhancedProjectCard": {
    "exampleStories": [],
    "fields": [
      "composesWith",
      "dense",
      "description",
      "examples",
      "forbiddenUse",
      "group",
      "import",
      "keywords",
      "name",
      "prefersOver",
      "props",
      "status",
      "tokens",
      "usage",
    ],
    "group": "marketing",
    "import": "import { EnhancedProjectCard } from "@dt/EnhancedProjectCard";",
  },
  "ExpandableSection": {
    "exampleStories": [
      "ShowMoreTail",
      "ControlledDisclosure",
      "VersusAccordion",
    ],
    "fields": [
      "composesWith",
      "dense",
      "description",
      "examples",
      "forbiddenUse",
      "group",
      "import",
      "keywords",
      "name",
      "prefersOver",
      "props",
      "status",
      "tokens",
      "usage",
    ],
    "group": "structure",
    "import": "import { ExpandableSection } from "@dt/ExpandableSection";",
  },
  "FileUpload": {
    "exampleStories": [
      "Default",
      "SelectAndClear",
      "SizeRejection",
      "Editorial",
    ],
    "fields": [
      "composesWith",
      "dense",
      "description",
      "examples",
      "forbiddenUse",
      "group",
      "import",
      "keywords",
      "name",
      "prefersOver",
      "props",
      "status",
      "tokens",
      "usage",
    ],
    "group": "form",
    "import": "import FileUpload from "@dt/FileUpload";",
  },
  "FilterChip": {
    "exampleStories": [],
    "fields": [
      "composesWith",
      "dense",
      "description",
      "examples",
      "forbiddenUse",
      "group",
      "import",
      "keywords",
      "name",
      "prefersOver",
      "props",
      "status",
      "tokens",
      "usage",
    ],
    "group": "controls",
    "import": "import { FilterChip } from "@dt/FilterChip";",
  },
  "FlexBox": {
    "exampleStories": [
      "InlineCluster",
      "SpaceBetween",
      "ColumnWithTokenGap",
    ],
    "fields": [
      "composesWith",
      "dense",
      "description",
      "examples",
      "forbiddenUse",
      "group",
      "import",
      "keywords",
      "name",
      "prefersOver",
      "props",
      "status",
      "tokens",
      "usage",
    ],
    "group": "layout",
    "import": "import FlexBox from "@dt/FlexBox";",
  },
  "FormField": {
    "exampleStories": [
      "CheckboxCluster",
      "GroupError",
      "CompositeField",
      "CustomRadioSet",
    ],
    "fields": [
      "composesWith",
      "dense",
      "description",
      "examples",
      "forbiddenUse",
      "group",
      "import",
      "keywords",
      "name",
      "prefersOver",
      "props",
      "status",
      "tokens",
      "usage",
    ],
    "group": "form",
    "import": "import { FormField } from "@dt/FormField";",
  },
  "FormFieldEditorial": {
    "exampleStories": [],
    "fields": [
      "composesWith",
      "dense",
      "description",
      "examples",
      "forbiddenUse",
      "group",
      "import",
      "keywords",
      "name",
      "prefersOver",
      "props",
      "status",
      "tokens",
      "usage",
    ],
    "group": "form",
    "import": "import { FormFieldEditorial } from "@dt/FormFieldEditorial";",
  },
  "Grid": {
    "exampleStories": [
      "EqualTracks",
      "SpannedFeature",
      "ResponsiveColumns",
      "CustomTemplate",
    ],
    "fields": [
      "composesWith",
      "dense",
      "description",
      "examples",
      "forbiddenUse",
      "group",
      "import",
      "keywords",
      "name",
      "prefersOver",
      "props",
      "status",
      "tokens",
      "usage",
    ],
    "group": "layout",
    "import": "import Grid from "@dt/Grid";",
  },
  "GridBlock": {
    "exampleStories": [],
    "fields": [
      "composesWith",
      "dense",
      "description",
      "examples",
      "forbiddenUse",
      "group",
      "import",
      "keywords",
      "name",
      "prefersOver",
      "props",
      "status",
      "tokens",
      "usage",
    ],
    "group": "layout",
    "import": "import GridBlock from "@dt/GridBlock";",
  },
  "GroupLabel": {
    "exampleStories": [
      "Basic",
      "RequiredMarker",
      "AboveCompoundWidget",
    ],
    "fields": [
      "composesWith",
      "dense",
      "description",
      "examples",
      "forbiddenUse",
      "group",
      "import",
      "keywords",
      "name",
      "prefersOver",
      "props",
      "status",
      "tokens",
      "usage",
    ],
    "group": "form",
    "import": "import GroupLabel from "@dt/GroupLabel";",
  },
  "HelperText": {
    "exampleStories": [
      "AllStates",
      "WithAriaDescribedby",
      "ErrorTakesOver",
    ],
    "fields": [
      "composesWith",
      "dense",
      "description",
      "examples",
      "forbiddenUse",
      "group",
      "import",
      "keywords",
      "name",
      "prefersOver",
      "props",
      "status",
      "tokens",
      "usage",
    ],
    "group": "form",
    "import": "import HelperText from "@dt/HelperText";",
  },
  "HeroSection": {
    "exampleStories": [],
    "fields": [
      "composesWith",
      "dense",
      "description",
      "examples",
      "forbiddenUse",
      "group",
      "import",
      "keywords",
      "name",
      "prefersOver",
      "props",
      "status",
      "tokens",
      "usage",
    ],
    "group": "marketing",
    "import": "import { HeroSection } from "@dt/HeroSection";",
  },
  "HighlightSection": {
    "exampleStories": [],
    "fields": [
      "composesWith",
      "dense",
      "description",
      "examples",
      "forbiddenUse",
      "group",
      "import",
      "keywords",
      "name",
      "prefersOver",
      "props",
      "status",
      "tokens",
      "usage",
    ],
    "group": "marketing",
    "import": "import HighlightSection from "@dt/HighlightSection";",
  },
  "HomeHero": {
    "exampleStories": [],
    "fields": [
      "composesWith",
      "dense",
      "description",
      "examples",
      "forbiddenUse",
      "group",
      "import",
      "keywords",
      "name",
      "prefersOver",
      "props",
      "status",
      "tokens",
      "usage",
    ],
    "group": "marketing",
    "import": "import { HomeHero } from "@dt/HomeHero";",
  },
  "Icon": {
    "exampleStories": [
      "BrandIcon",
      "Sizes",
      "Animated",
      "Transformations",
      "DecorativeVsInformative",
    ],
    "fields": [
      "composesWith",
      "dense",
      "description",
      "examples",
      "forbiddenUse",
      "group",
      "import",
      "keywords",
      "name",
      "prefersOver",
      "props",
      "status",
      "tokens",
      "usage",
    ],
    "group": "display",
    "import": "import Icon from "@dt/Icon";",
  },
  "IconButton": {
    "exampleStories": [
      "Variants",
      "Sizes",
      "DestructiveTone",
      "WithTooltip",
      "InToolbar",
    ],
    "fields": [
      "composesWith",
      "dense",
      "description",
      "examples",
      "forbiddenUse",
      "group",
      "import",
      "keywords",
      "name",
      "prefersOver",
      "props",
      "status",
      "tokens",
      "usage",
    ],
    "group": "actions",
    "import": "import { IconButton } from "@dt/IconButton";",
  },
  "Label": {
    "exampleStories": [
      "WithTooltip",
      "Required",
      "Disabled",
    ],
    "fields": [
      "composesWith",
      "dense",
      "description",
      "examples",
      "forbiddenUse",
      "group",
      "import",
      "keywords",
      "name",
      "prefersOver",
      "props",
      "status",
      "tokens",
      "usage",
    ],
    "group": "form",
    "import": "import Label from "@dt/Label";",
  },
  "LanguageSwitcher": {
    "exampleStories": [
      "FanOpen",
      "AccessibleNames",
      "ControlledWiring",
    ],
    "fields": [
      "composesWith",
      "dense",
      "description",
      "examples",
      "forbiddenUse",
      "group",
      "import",
      "keywords",
      "name",
      "prefersOver",
      "props",
      "status",
      "tokens",
      "usage",
    ],
    "group": "navigation",
    "import": "import LanguageSwitcher from "@dt/LanguageSwitcher";",
  },
  "Link": {
    "exampleStories": [
      "Sizes",
      "UnderlineModes",
      "External",
    ],
    "fields": [
      "composesWith",
      "dense",
      "description",
      "examples",
      "forbiddenUse",
      "group",
      "import",
      "keywords",
      "name",
      "prefersOver",
      "props",
      "status",
      "tokens",
      "usage",
    ],
    "group": "navigation",
    "import": "import Link from "@dt/Link";",
  },
  "List": {
    "exampleStories": [
      "UnorderedList",
      "OrderedList",
      "DifferentSpacing",
      "DifferentListStyles",
    ],
    "fields": [
      "composesWith",
      "dense",
      "description",
      "examples",
      "forbiddenUse",
      "group",
      "import",
      "keywords",
      "name",
      "prefersOver",
      "props",
      "status",
      "tokens",
      "usage",
    ],
    "group": "structure",
    "import": "import List from "@dt/List";",
  },
  "Menu": {
    "exampleStories": [
      "WithIcons",
      "WithSubmenu",
      "Disabled",
      "AsLinks",
      "Example",
    ],
    "fields": [
      "composesWith",
      "dense",
      "description",
      "examples",
      "forbiddenUse",
      "group",
      "import",
      "keywords",
      "name",
      "prefersOver",
      "props",
      "status",
      "tokens",
      "usage",
    ],
    "group": "overlay",
    "import": "import { Menu } from "@dt/Menu";",
  },
  "Modal": {
    "exampleStories": [
      "Confirmation",
      "FormInModal",
      "Scrollable",
      "AnimatedEntrance",
    ],
    "fields": [
      "composesWith",
      "dense",
      "description",
      "examples",
      "forbiddenUse",
      "group",
      "import",
      "keywords",
      "name",
      "prefersOver",
      "props",
      "status",
      "tokens",
      "usage",
    ],
    "group": "overlay",
    "import": "import Modal from "@dt/Modal";",
  },
  "MultiCombobox": {
    "exampleStories": [
      "Example",
      "MaxItems",
      "Overflow",
      "KeyboardMultiSelect",
    ],
    "fields": [
      "composesWith",
      "dense",
      "description",
      "examples",
      "forbiddenUse",
      "group",
      "import",
      "keywords",
      "name",
      "prefersOver",
      "props",
      "status",
      "tokens",
      "usage",
    ],
    "group": "form",
    "import": "import MultiCombobox from "@dt/MultiCombobox";",
  },
  "NavLink": {
    "exampleStories": [
      "PrimaryNav",
      "ExactMatching",
      "CustomStyling",
    ],
    "fields": [
      "composesWith",
      "dense",
      "description",
      "examples",
      "forbiddenUse",
      "group",
      "import",
      "keywords",
      "name",
      "prefersOver",
      "props",
      "status",
      "tokens",
      "usage",
    ],
    "group": "navigation",
    "import": "import { NavLink } from "@dt/NavLink";",
  },
  "NewsBulletin": {
    "exampleStories": [],
    "fields": [
      "composesWith",
      "dense",
      "description",
      "examples",
      "forbiddenUse",
      "group",
      "import",
      "keywords",
      "name",
      "prefersOver",
      "props",
      "status",
      "tokens",
      "usage",
    ],
    "group": "marketing",
    "import": "import { NewsBulletin } from "@dt/NewsBulletin";",
  },
  "PageLayout": {
    "exampleStories": [],
    "fields": [
      "composesWith",
      "dense",
      "description",
      "examples",
      "forbiddenUse",
      "group",
      "import",
      "keywords",
      "name",
      "prefersOver",
      "props",
      "status",
      "tokens",
      "usage",
    ],
    "group": "layout",
    "import": "import PageLayout from "@dt/PageLayout";",
  },
  "Pagination": {
    "exampleStories": [
      "ManyPages",
      "SiblingCount",
      "Interactive",
    ],
    "fields": [
      "composesWith",
      "dense",
      "description",
      "examples",
      "forbiddenUse",
      "group",
      "import",
      "keywords",
      "name",
      "prefersOver",
      "props",
      "status",
      "tokens",
      "usage",
    ],
    "group": "navigation",
    "import": "import { Pagination } from "@dt/Pagination";",
  },
  "PhoneInput": {
    "exampleStories": [
      "Default",
      "WithError",
      "CountryDefault",
      "InternationalNumbers",
    ],
    "fields": [
      "composesWith",
      "dense",
      "description",
      "examples",
      "forbiddenUse",
      "group",
      "import",
      "keywords",
      "name",
      "prefersOver",
      "props",
      "status",
      "tokens",
      "usage",
    ],
    "group": "form",
    "import": "import PhoneInput from "@dt/PhoneInput";",
  },
  "PricingPageContent": {
    "exampleStories": [],
    "fields": [
      "composesWith",
      "dense",
      "description",
      "examples",
      "forbiddenUse",
      "group",
      "import",
      "keywords",
      "name",
      "prefersOver",
      "props",
      "status",
      "tokens",
      "usage",
    ],
    "group": "marketing",
    "import": "import { PricingPageContent } from "@dt/PricingPageContent";",
  },
  "ProcessBlock": {
    "exampleStories": [],
    "fields": [
      "composesWith",
      "dense",
      "description",
      "examples",
      "forbiddenUse",
      "group",
      "import",
      "keywords",
      "name",
      "prefersOver",
      "props",
      "status",
      "tokens",
      "usage",
    ],
    "group": "structure",
    "import": "import ProcessBlock from "@dt/ProcessBlock";",
  },
  "Progress": {
    "exampleStories": [
      "Determinate",
      "Indeterminate",
      "WithLabel",
      "Sizes",
      "Example",
    ],
    "fields": [
      "composesWith",
      "dense",
      "description",
      "examples",
      "forbiddenUse",
      "group",
      "import",
      "keywords",
      "name",
      "prefersOver",
      "props",
      "status",
      "tokens",
      "usage",
    ],
    "group": "feedback",
    "import": "import Progress from "@dt/Progress";",
  },
  "ProjectCard": {
    "exampleStories": [],
    "fields": [
      "composesWith",
      "dense",
      "description",
      "examples",
      "forbiddenUse",
      "group",
      "import",
      "keywords",
      "name",
      "prefersOver",
      "props",
      "status",
      "tokens",
      "usage",
    ],
    "group": "content",
    "import": "import { ProjectCard } from "@dt/ProjectCard";",
  },
  "ProjectGallery": {
    "exampleStories": [],
    "fields": [
      "composesWith",
      "dense",
      "description",
      "examples",
      "forbiddenUse",
      "group",
      "import",
      "keywords",
      "name",
      "prefersOver",
      "props",
      "status",
      "tokens",
      "usage",
    ],
    "group": "media",
    "import": "import { ProjectGallery } from "@dt/ProjectGallery";",
  },
  "ProjectNav": {
    "exampleStories": [],
    "fields": [
      "composesWith",
      "dense",
      "description",
      "examples",
      "forbiddenUse",
      "group",
      "import",
      "keywords",
      "name",
      "prefersOver",
      "props",
      "status",
      "tokens",
      "usage",
    ],
    "group": "navigation",
    "import": "import { ProjectNav } from "@dt/ProjectNav";",
  },
  "ProofBlock": {
    "exampleStories": [],
    "fields": [
      "composesWith",
      "dense",
      "description",
      "examples",
      "forbiddenUse",
      "group",
      "import",
      "keywords",
      "name",
      "prefersOver",
      "props",
      "status",
      "tokens",
      "usage",
    ],
    "group": "structure",
    "import": "import ProofBlock from "@dt/ProofBlock";",
  },
  "ReadingProgress": {
    "exampleStories": [],
    "fields": [
      "composesWith",
      "dense",
      "description",
      "examples",
      "forbiddenUse",
      "group",
      "import",
      "keywords",
      "name",
      "prefersOver",
      "props",
      "status",
      "tokens",
      "usage",
    ],
    "group": "feedback",
    "import": "import { ReadingProgress } from "@dt/ReadingProgress";",
  },
  "Section": {
    "exampleStories": [
      "SpacingBands",
      "HeroFollowPair",
      "Backgrounds",
    ],
    "fields": [
      "composesWith",
      "dense",
      "description",
      "examples",
      "forbiddenUse",
      "group",
      "import",
      "keywords",
      "name",
      "prefersOver",
      "props",
      "status",
      "tokens",
      "usage",
    ],
    "group": "layout",
    "import": "import { Section } from "@dt/Section";",
  },
  "SecureCVDownload": {
    "exampleStories": [],
    "fields": [
      "composesWith",
      "dense",
      "description",
      "examples",
      "forbiddenUse",
      "group",
      "import",
      "keywords",
      "name",
      "prefersOver",
      "props",
      "status",
      "tokens",
      "usage",
    ],
    "group": "structure",
    "import": "import SecureCVDownload from "@dt/SecureCVDownload";",
  },
  "Select": {
    "exampleStories": [
      "Disabled",
      "WithCustomChildren",
      "Controlled",
      "WithError",
    ],
    "fields": [
      "composesWith",
      "dense",
      "description",
      "examples",
      "forbiddenUse",
      "group",
      "import",
      "keywords",
      "name",
      "prefersOver",
      "props",
      "status",
      "tokens",
      "usage",
    ],
    "group": "form",
    "import": "import Select from "@dt/Select";",
  },
  "ServiceCard": {
    "exampleStories": [],
    "fields": [
      "composesWith",
      "dense",
      "description",
      "examples",
      "forbiddenUse",
      "group",
      "import",
      "keywords",
      "name",
      "prefersOver",
      "props",
      "status",
      "tokens",
      "usage",
    ],
    "group": "marketing",
    "import": "import { ServiceCard } from "@dt/ServiceCard";",
  },
  "ServicesBlock": {
    "exampleStories": [],
    "fields": [
      "composesWith",
      "dense",
      "description",
      "examples",
      "forbiddenUse",
      "group",
      "import",
      "keywords",
      "name",
      "prefersOver",
      "props",
      "status",
      "tokens",
      "usage",
    ],
    "group": "marketing",
    "import": "import ServicesBlock from "@dt/ServicesBlock";",
  },
  "ServicesSection": {
    "exampleStories": [],
    "fields": [
      "composesWith",
      "dense",
      "description",
      "examples",
      "forbiddenUse",
      "group",
      "import",
      "keywords",
      "name",
      "prefersOver",
      "props",
      "status",
      "tokens",
      "usage",
    ],
    "group": "marketing",
    "import": "import { ServicesSection } from "@dt/ServicesSection";",
  },
  "SiteFooter": {
    "exampleStories": [],
    "fields": [
      "composesWith",
      "dense",
      "description",
      "examples",
      "forbiddenUse",
      "group",
      "import",
      "keywords",
      "name",
      "prefersOver",
      "props",
      "status",
      "tokens",
      "usage",
    ],
    "group": "navigation",
    "import": "import { SiteFooter } from "@dt/SiteFooter";",
  },
  "SiteHeader": {
    "exampleStories": [],
    "fields": [
      "composesWith",
      "dense",
      "description",
      "examples",
      "forbiddenUse",
      "group",
      "import",
      "keywords",
      "name",
      "prefersOver",
      "props",
      "status",
      "tokens",
      "usage",
    ],
    "group": "navigation",
    "import": "import { SiteHeader } from "@dt/SiteHeader";",
  },
  "SiteTree": {
    "exampleStories": [],
    "fields": [
      "composesWith",
      "dense",
      "description",
      "examples",
      "forbiddenUse",
      "group",
      "import",
      "keywords",
      "name",
      "prefersOver",
      "props",
      "status",
      "tokens",
      "usage",
    ],
    "group": "navigation",
    "import": "import SiteTree from "@dt/SiteTree";",
  },
  "Skeleton": {
    "exampleStories": [
      "TextLines",
      "Card",
      "Avatar",
      "Shapes",
      "ComposedPage",
      "Static",
    ],
    "fields": [
      "composesWith",
      "dense",
      "description",
      "examples",
      "forbiddenUse",
      "group",
      "import",
      "keywords",
      "name",
      "prefersOver",
      "props",
      "status",
      "tokens",
      "usage",
    ],
    "group": "feedback",
    "import": "import Skeleton from "@dt/Skeleton";",
  },
  "SkipLink": {
    "exampleStories": [
      "FocusReveal",
      "InLayout",
      "CustomTarget",
    ],
    "fields": [
      "composesWith",
      "dense",
      "description",
      "examples",
      "forbiddenUse",
      "group",
      "import",
      "keywords",
      "name",
      "prefersOver",
      "props",
      "status",
      "tokens",
      "usage",
    ],
    "group": "navigation",
    "import": "import { SkipLink } from "@dt/SkipLink";",
  },
  "SocialShare": {
    "exampleStories": [],
    "fields": [
      "composesWith",
      "dense",
      "description",
      "examples",
      "forbiddenUse",
      "group",
      "import",
      "keywords",
      "name",
      "prefersOver",
      "props",
      "status",
      "tokens",
      "usage",
    ],
    "group": "structure",
    "import": "import { SocialShare } from "@dt/SocialShare";",
  },
  "Spinner": {
    "exampleStories": [
      "Sizes",
      "Example",
      "WithVisibleLabel",
    ],
    "fields": [
      "composesWith",
      "dense",
      "description",
      "examples",
      "forbiddenUse",
      "group",
      "import",
      "keywords",
      "name",
      "prefersOver",
      "props",
      "status",
      "tokens",
      "usage",
    ],
    "group": "feedback",
    "import": "import Spinner from "@dt/Spinner";",
  },
  "SplitButton": {
    "exampleStories": [
      "Variants",
      "ExportFormats",
      "NestedSubmenus",
      "DisabledState",
    ],
    "fields": [
      "composesWith",
      "dense",
      "description",
      "examples",
      "forbiddenUse",
      "group",
      "import",
      "keywords",
      "name",
      "prefersOver",
      "props",
      "status",
      "tokens",
      "usage",
    ],
    "group": "interaction",
    "import": "import SplitButton from "@dt/SplitButton";",
  },
  "Stack": {
    "exampleStories": [
      "GapScale",
      "HorizontalCluster",
      "SemanticList",
    ],
    "fields": [
      "composesWith",
      "dense",
      "description",
      "examples",
      "forbiddenUse",
      "group",
      "import",
      "keywords",
      "name",
      "prefersOver",
      "props",
      "status",
      "tokens",
      "usage",
    ],
    "group": "layout",
    "import": "import { Stack } from "@dt/Stack";",
  },
  "StatusDot": {
    "exampleStories": [
      "Default",
      "Tones",
      "Live",
      "SrOnlyLabel",
    ],
    "fields": [
      "composesWith",
      "dense",
      "description",
      "examples",
      "forbiddenUse",
      "group",
      "import",
      "keywords",
      "name",
      "prefersOver",
      "props",
      "status",
      "tokens",
      "usage",
    ],
    "group": "feedback",
    "import": "import StatusDot from "@dt/StatusDot";",
  },
  "StoryBlock": {
    "exampleStories": [],
    "fields": [
      "composesWith",
      "dense",
      "description",
      "examples",
      "forbiddenUse",
      "group",
      "import",
      "keywords",
      "name",
      "prefersOver",
      "props",
      "status",
      "tokens",
      "usage",
    ],
    "group": "structure",
    "import": "import StoryBlock from "@dt/StoryBlock";",
  },
  "Tabs": {
    "exampleStories": [
      "Pills",
      "Underline",
      "WithDisabled",
      "IconsAndCount",
      "Sizes",
      "ControlledTabs",
    ],
    "fields": [
      "composesWith",
      "dense",
      "description",
      "examples",
      "forbiddenUse",
      "group",
      "import",
      "keywords",
      "name",
      "prefersOver",
      "props",
      "status",
      "tokens",
      "usage",
    ],
    "group": "navigation",
    "import": "import Tabs from "@dt/Tabs";",
  },
  "TeamBlock": {
    "exampleStories": [],
    "fields": [
      "composesWith",
      "dense",
      "description",
      "examples",
      "forbiddenUse",
      "group",
      "import",
      "keywords",
      "name",
      "prefersOver",
      "props",
      "status",
      "tokens",
      "usage",
    ],
    "group": "structure",
    "import": "import TeamBlock from "@dt/TeamBlock";",
  },
  "Text": {
    "exampleStories": [
      "AllTags",
      "Sizes",
      "LineHeights",
    ],
    "fields": [
      "composesWith",
      "dense",
      "description",
      "examples",
      "forbiddenUse",
      "group",
      "import",
      "keywords",
      "name",
      "prefersOver",
      "props",
      "status",
      "tokens",
      "usage",
    ],
    "group": "display",
    "import": "import Text from "@dt/Text";",
  },
  "TextArea": {
    "exampleStories": [
      "WithHelperCopy",
      "WithError",
      "AnimatedResize",
      "KeyboardEntry",
    ],
    "fields": [
      "composesWith",
      "dense",
      "description",
      "examples",
      "forbiddenUse",
      "group",
      "import",
      "keywords",
      "name",
      "prefersOver",
      "props",
      "status",
      "tokens",
      "usage",
    ],
    "group": "form",
    "import": "import TextArea from "@dt/TextArea";",
  },
  "TextInput": {
    "exampleStories": [
      "TextInputStory",
      "EmailInput",
      "InputWithError",
    ],
    "fields": [
      "composesWith",
      "dense",
      "description",
      "examples",
      "forbiddenUse",
      "group",
      "import",
      "keywords",
      "name",
      "prefersOver",
      "props",
      "status",
      "tokens",
      "usage",
    ],
    "group": "form",
    "import": "import TextInput from "@dt/TextInput";",
  },
  "Timestamp": {
    "exampleStories": [],
    "fields": [
      "composesWith",
      "dense",
      "description",
      "examples",
      "forbiddenUse",
      "group",
      "import",
      "keywords",
      "name",
      "prefersOver",
      "props",
      "status",
      "tokens",
      "usage",
    ],
    "group": "display",
    "import": "import Timestamp from "@dt/Timestamp";",
  },
  "Title": {
    "exampleStories": [
      "AllSizes",
      "AllLevels",
      "LineHeights",
    ],
    "fields": [
      "composesWith",
      "dense",
      "description",
      "examples",
      "forbiddenUse",
      "group",
      "import",
      "keywords",
      "name",
      "prefersOver",
      "props",
      "status",
      "tokens",
      "usage",
    ],
    "group": "display",
    "import": "import Title from "@dt/Title";",
  },
  "Toast": {
    "exampleStories": [
      "Tones",
      "Placement",
      "ProviderDriven",
      "Stacked",
      "Example",
    ],
    "fields": [
      "composesWith",
      "dense",
      "description",
      "examples",
      "forbiddenUse",
      "group",
      "import",
      "keywords",
      "name",
      "prefersOver",
      "props",
      "status",
      "tokens",
      "usage",
    ],
    "group": "feedback",
    "import": "import Toast from "@dt/Toast";",
  },
  "ToastStack": {
    "exampleStories": [],
    "fields": [
      "composesWith",
      "dense",
      "description",
      "examples",
      "forbiddenUse",
      "group",
      "import",
      "keywords",
      "name",
      "prefersOver",
      "props",
      "status",
      "tokens",
      "usage",
    ],
    "group": "feedback",
    "import": "import ToastStack from "@dt/ToastStack";",
  },
  "ValueCard": {
    "exampleStories": [],
    "fields": [
      "composesWith",
      "dense",
      "description",
      "examples",
      "forbiddenUse",
      "group",
      "import",
      "keywords",
      "name",
      "prefersOver",
      "props",
      "status",
      "tokens",
      "usage",
    ],
    "group": "display",
    "import": "import { ValueCard } from "@dt/ValueCard";",
  },
  "WorkMagneticField": {
    "exampleStories": [],
    "fields": [
      "composesWith",
      "dense",
      "description",
      "examples",
      "forbiddenUse",
      "group",
      "import",
      "keywords",
      "name",
      "prefersOver",
      "props",
      "status",
      "tokens",
      "usage",
    ],
    "group": "marketing",
    "import": "import { WorkMagneticField } from "@dt/WorkMagneticField";",
  },
  "WorkPreviewSection": {
    "exampleStories": [],
    "fields": [
      "composesWith",
      "dense",
      "description",
      "examples",
      "forbiddenUse",
      "group",
      "import",
      "keywords",
      "name",
      "prefersOver",
      "props",
      "status",
      "tokens",
      "usage",
    ],
    "group": "marketing",
    "import": "import { WorkPreviewSection } from "@dt/WorkPreviewSection";",
  },
}
`;
