// Vitest Snapshot v1, https://vitest.dev/guide/snapshot.html

exports[`get > snapshot: get() shape per stable component (fields + example story names) 1`] = `
{
  "Avatar": {
    "exampleStories": [
      "WithImage",
      "WithInitials",
      "WithMenu",
    ],
    "fields": [
      "composesWith",
      "dense",
      "description",
      "examples",
      "forbiddenUse",
      "group",
      "import",
      "keywords",
      "name",
      "prefersOver",
      "props",
      "status",
      "tokens",
      "usage",
    ],
    "group": "display",
    "import": "import Avatar from "@dt/Avatar";",
  },
  "Badge": {
    "exampleStories": [
      "Tones",
      "SecondaryVariants",
      "Removable",
      "WithIcon",
      "LifecycleDots",
      "Sizes",
      "AsCount",
      "InButtonEndSlot",
    ],
    "fields": [
      "composesWith",
      "dense",
      "description",
      "examples",
      "forbiddenUse",
      "group",
      "import",
      "keywords",
      "name",
      "prefersOver",
      "props",
      "status",
      "tokens",
      "usage",
    ],
    "group": "display",
    "import": "import Badge from "@dt/Badge";",
  },
  "Button": {
    "exampleStories": [
      "Tones",
      "DestructiveActions",
      "Sizes",
      "IconLeft",
      "IconRight",
      "IconOnly",
      "States",
      "AsyncAction",
      "LongLabel",
      "Surfaces",
      "AsLink",
    ],
    "fields": [
      "composesWith",
      "dense",
      "description",
      "examples",
      "forbiddenUse",
      "group",
      "import",
      "keywords",
      "name",
      "prefersOver",
      "props",
      "status",
      "tokens",
      "usage",
    ],
    "group": "interaction",
    "import": "import Button from "@dt/Button";",
  },
  "Card": {
    "exampleStories": [
      "Variants",
      "PaddingScale",
      "Structured",
      "AsLink",
      "Loading",
      "CardGrid",
    ],
    "fields": [
      "composesWith",
      "dense",
      "description",
      "examples",
      "forbiddenUse",
      "group",
      "import",
      "keywords",
      "name",
      "prefersOver",
      "props",
      "status",
      "tokens",
      "usage",
    ],
    "group": "structure",
    "import": "import Card from "@dt/Card";",
  },
  "Container": {
    "exampleStories": [
      "SizeLadder",
      "AsLandmark",
      "WithSection",
    ],
    "fields": [
      "composesWith",
      "dense",
      "description",
      "examples",
      "forbiddenUse",
      "group",
      "import",
      "keywords",
      "name",
      "prefersOver",
      "props",
      "status",
      "tokens",
      "usage",
    ],
    "group": "layout",
    "import": "import { Container } from "@dt/Container";",
  },
  "Grid": {
    "exampleStories": [
      "EqualTracks",
      "SpannedFeature",
      "CustomTemplate",
    ],
    "fields": [
      "composesWith",
      "dense",
      "description",
      "examples",
      "forbiddenUse",
      "group",
      "import",
      "keywords",
      "name",
      "prefersOver",
      "props",
      "status",
      "tokens",
      "usage",
    ],
    "group": "layout",
    "import": "import Grid from "@dt/Grid";",
  },
  "Icon": {
    "exampleStories": [
      "BrandIcon",
      "Sizes",
      "Animated",
      "Transformations",
      "DecorativeVsInformative",
    ],
    "fields": [
      "composesWith",
      "dense",
      "description",
      "examples",
      "forbiddenUse",
      "group",
      "import",
      "keywords",
      "name",
      "prefersOver",
      "props",
      "status",
      "tokens",
      "usage",
    ],
    "group": "display",
    "import": "import Icon from "@dt/Icon";",
  },
  "Label": {
    "exampleStories": [
      "WithTooltip",
      "Required",
      "Disabled",
    ],
    "fields": [
      "composesWith",
      "dense",
      "description",
      "examples",
      "forbiddenUse",
      "group",
      "import",
      "keywords",
      "name",
      "prefersOver",
      "props",
      "status",
      "tokens",
      "usage",
    ],
    "group": "form",
    "import": "import Label from "@dt/Label";",
  },
  "Link": {
    "exampleStories": [
      "Sizes",
      "UnderlineModes",
      "External",
    ],
    "fields": [
      "composesWith",
      "dense",
      "description",
      "examples",
      "forbiddenUse",
      "group",
      "import",
      "keywords",
      "name",
      "prefersOver",
      "props",
      "status",
      "tokens",
      "usage",
    ],
    "group": "navigation",
    "import": "import Link from "@dt/Link";",
  },
  "Section": {
    "exampleStories": [
      "SpacingBands",
      "HeroFollowPair",
      "Backgrounds",
    ],
    "fields": [
      "composesWith",
      "dense",
      "description",
      "examples",
      "forbiddenUse",
      "group",
      "import",
      "keywords",
      "name",
      "prefersOver",
      "props",
      "status",
      "tokens",
      "usage",
    ],
    "group": "layout",
    "import": "import { Section } from "@dt/Section";",
  },
  "SiteFooter": {
    "exampleStories": [],
    "fields": [
      "composesWith",
      "dense",
      "description",
      "examples",
      "forbiddenUse",
      "group",
      "import",
      "keywords",
      "name",
      "prefersOver",
      "props",
      "status",
      "tokens",
      "usage",
    ],
    "group": "navigation",
    "import": "import { SiteFooter } from "@dt/SiteFooter";",
  },
  "SiteHeader": {
    "exampleStories": [],
    "fields": [
      "composesWith",
      "dense",
      "description",
      "examples",
      "forbiddenUse",
      "group",
      "import",
      "keywords",
      "name",
      "prefersOver",
      "props",
      "status",
      "tokens",
      "usage",
    ],
    "group": "navigation",
    "import": "import { SiteHeader } from "@dt/SiteHeader";",
  },
  "Text": {
    "exampleStories": [
      "AllTags",
      "Sizes",
      "SerifAndSans",
      "LineHeights",
    ],
    "fields": [
      "composesWith",
      "dense",
      "description",
      "examples",
      "forbiddenUse",
      "group",
      "import",
      "keywords",
      "name",
      "prefersOver",
      "props",
      "status",
      "tokens",
      "usage",
    ],
    "group": "display",
    "import": "import Text from "@dt/Text";",
  },
  "Title": {
    "exampleStories": [
      "AllSizes",
      "AllLevels",
      "LineHeights",
    ],
    "fields": [
      "composesWith",
      "dense",
      "description",
      "examples",
      "forbiddenUse",
      "group",
      "import",
      "keywords",
      "name",
      "prefersOver",
      "props",
      "status",
      "tokens",
      "usage",
    ],
    "group": "display",
    "import": "import Title from "@dt/Title";",
  },
}
`;
